../Core/Src/AML_MotorControl.c:228:6:HAL_TIM_PeriodElapsedCallback	16	static
../Core/Src/AML_MotorControl.c:247:6:AML_MotorControl_TurnOnWallFollow	8	static
../Core/Src/AML_MotorControl.c:253:6:AML_MotorControl_TurnOffWallFollow	8	static
../Core/Src/AML_MotorControl.c:259:6:AML_MotorControl_AMLPIDSetup	4	static
../Core/Src/AML_MotorControl.c:267:6:AML_MotorControl_Setup	8	static
../Core/Src/AML_MotorControl.c:276:6:AML_MotorControl_LeftPWM	16	static
../Core/Src/AML_MotorControl.c:307:6:AML_MotorControl_RightPWM	16	static
../Core/Src/AML_MotorControl.c:340:6:AML_MotorControl_Move	16	static
../Core/Src/AML_MotorControl.c:346:6:AML_MotorControl_ShortBrake	8	static
../Core/Src/AML_MotorControl.c:353:6:AML_MotorControl_Stop	8	static
../Core/Src/AML_MotorControl.c:360:6:AML_MotorControl_LeftMotorSpeed	24	static
../Core/Src/AML_MotorControl.c:374:6:AML_MotorControl_RightMotorSpeed	24	static
../Core/Src/AML_MotorControl.c:392:6:AML_MotorControl_UpdateTempSetpoint	16	static
../Core/Src/AML_MotorControl.c:397:6:AML_MotorControl_GoStraghtWithMPU	16	static
../Core/Src/AML_MotorControl.c:407:6:AML_MotorControl_LeftWallFollow	8	static
../Core/Src/AML_MotorControl.c:415:6:AML_MotorControl_RightWallFollow	8	static
../Core/Src/AML_MotorControl.c:423:6:AML_MotorControl_GoStraight	8	static
../Core/Src/AML_MotorControl.c:454:6:AML_MotorControl_CalibrateByBackWall	32	static
../Core/Src/AML_MotorControl.c:492:6:AML_MotorControl_TurnLeft	32	static
../Core/Src/AML_MotorControl.c:548:6:AML_MotorControl_TurnRight	32	static
../Core/Src/AML_MotorControl.c:603:6:AML_MotorControl_MoveForwardOneCell	16	static
../Core/Src/AML_MotorControl.c:617:6:AML_MotorControl_MoveForwardDistance	24	static
