../Core/Src/AML_IRSensor.c:49:6:AML_IRSensor_Setup	8	static
../Core/Src/AML_IRSensor.c:57:6:HAL_ADC_ConvCpltCallback	24	static
../Core/Src/AML_IRSensor.c:81:8:AML_IRSensor_GetDistance	16	static
../Core/Src/AML_IRSensor.c:88:6:AML_IRSensor_IsFrontWall	4	static
../Core/Src/AML_IRSensor.c:93:6:AML_IRSensor_IsLeftWall	4	static
../Core/Src/AML_IRSensor.c:98:6:AML_IRSensor_IsRightWall	4	static
../Core/Src/AML_IRSensor.c:103:6:AML_IRSensor_IsNoFrontWall	4	static
../Core/Src/AML_IRSensor.c:108:6:AML_IRSensor_IsNoLeftWall	4	static
../Core/Src/AML_IRSensor.c:113:6:AML_IRSensor_IsNoRightWall	4	static
