../Core/Src/main.c:95:5:main	8	static
../Core/Src/main.c:150:6:SystemClock_Config	120	static
../Core/Src/main.c:209:13:MX_ADC2_Init	40	static
../Core/Src/main.c:323:13:MX_TIM1_Init	96	static
../Core/Src/main.c:397:13:MX_TIM2_Init	56	static
../Core/Src/main.c:446:13:MX_TIM3_Init	48	static
../Core/Src/main.c:495:13:MX_TIM5_Init	56	static
../Core/Src/main.c:544:13:MX_TIM7_Init	24	static
../Core/Src/main.c:582:13:MX_USART1_UART_Init	8	static
../Core/Src/main.c:628:13:MX_DMA_Init	16	static
../Core/Src/main.c:646:13:MX_GPIO_Init	56	static
../Core/Src/main.c:706:6:MPU_Config	24	static
../Core/Src/main.c:737:6:Error_Handler	4	static,ignoring_inline_asm
