../Core/Src/solver.c:73:6:setPriorityHeading	16	static
../Core/Src/solver.c:78:6:searchRun	16	static
../Core/Src/solver.c:105:6:searchCenterToStart	16	static
../Core/Src/solver.c:143:6:fastRunWithVariableVelocity	24	static
../Core/Src/solver.c:211:6:setPosition	24	static
../Core/Src/solver.c:218:6:markCenterWall	4	static
../Core/Src/solver.c:301:6:resetWallMaze	16	static
../Core/Src/solver.c:315:6:initialize	16	static
../Core/Src/solver.c:350:6:updateMaze	16	static
../Core/Src/solver.c:498:9:xyToSquare	16	static
../Core/Src/solver.c:503:19:squareToCoord	24	static
../Core/Src/solver.c:511:6:resetDistances	16	static
../Core/Src/solver.c:544:9:isWallInDirection	24	static
../Core/Src/solver.c:568:6:updateDistances	32	static
../Core/Src/solver.c:621:6:calculateShortestPathDistances	32	static
../Core/Src/solver.c:701:6:moveForwardWithVariableVelocity	24	static
../Core/Src/solver.c:709:6:updateHeading	16	static
../Core/Src/solver.c:757:6:updatePosition	16	static
../Core/Src/solver.c:783:9:getReachingCenter	4	static
../Core/Src/solver.c:801:8:solver	16	static
../Core/Src/solver.c:813:8:fastRunSolver	16	static
../Core/Src/solver.c:822:8:floodFill	16	static
